// Jest Snapshot v1, https://goo.gl/fbAQLP

exports[`test flattenContainer 1`] = `
"
.form-input {
          appearance: none;
          background-color: #ffffff;
          border-color: #d2d6dc;
          border-width: 1px;
          border-radius: 0.375rem;
          padding-top: 0.5rem;
          padding-right: 0.75rem;
          padding-bottom: 0.5rem;
          padding-left: 0.75rem;
          font-size: 1rem;
          line-height: 1.5;
      }

.form-input::placeholder {
          color: #9fa6b2;
          opacity: 1;
      }

.form-input:focus {
          outline: none;
          box-shadow: 0 0 0 3px rgba(164, 202, 254, 0.45);
          border-color: #a4cafe;
      }

.form-textarea {
          appearance: none;
          background-color: #ffffff;
          border-color: #d2d6dc;
          border-width: 1px;
          border-radius: 0.375rem;
          padding-top: 0.5rem;
          padding-right: 0.75rem;
          padding-bottom: 0.5rem;
          padding-left: 0.75rem;
          font-size: 1rem;
          line-height: 1.5;
      }

.form-textarea::placeholder {
          color: #9fa6b2;
          opacity: 1;
      }

.form-textarea:focus {
          outline: none;
          box-shadow: 0 0 0 3px rgba(164, 202, 254, 0.45);
          border-color: #a4cafe;
      }

.form-multiselect {
          appearance: none;
          background-color: #ffffff;
          border-color: #d2d6dc;
          border-width: 1px;
          border-radius: 0.375rem;
          padding-top: 0.5rem;
          padding-right: 0.75rem;
          padding-bottom: 0.5rem;
          padding-left: 0.75rem;
          font-size: 1rem;
          line-height: 1.5;
      }

.form-multiselect:focus {
          outline: none;
          box-shadow: 0 0 0 3px rgba(164, 202, 254, 0.45);
          border-color: #a4cafe;
      }

.form-radio:checked {
          background-image: url(\\"data:image/svg+xml,%3csvg viewBox='0 0 16 16' fill='white' xmlns='http://www.w3.org/2000/svg'%3e%3ccircle cx='8' cy='8' r='3'/%3e%3c/svg%3e\\");
          border-color: transparent;
          background-color: currentColor;
          background-size: 100% 100%;
          background-position: center;
          background-repeat: no-repeat;
      }

.form-radio {
          appearance: none;
          color-adjust: exact;
          display: inline-block;
          vertical-align: middle;
          background-origin: border-box;
          user-select: none;
          flex-shrink: 0;
          border-radius: 100%;
          height: 1rem;
          width: 1rem;
          color: #3f83f8;
          background-color: #ffffff;
          border-color: #d2d6dc;
          border-width: 1px;
      }

.form-radio:focus {
          outline: none;
          box-shadow: 0 0 0 3px rgba(164, 202, 254, 0.45);
          border-color: #a4cafe;
      }

.form-radio:checked:focus {
          border-color: transparent;
      }

@media not print {
          .form-radio::-ms-check {
              border-width: 1px;
              color: transparent;
              background: inherit;
              border-color: inherit;
              border-radius: inherit;
          }
      }

@media not print {
          .form-derp::-ms-check {
            border-width: 1px;
            color: transparent;
            background: inherit;
            border-color: inherit;
            border-radius: inherit;
        }
      }

@media not print {
          .form-asdfas, .form-asdfas > * {
            border-width: 1px;
            color: transparent;
            background: inherit;
            border-color: inherit;
            border-radius: inherit;
        }
      }

@media not print {
          .form-asddddfas > * {
            border-width: 1px;
            color: transparent;
            background: inherit;
            border-color: inherit;
            border-radius: inherit;
        }
      }
"
`;
