// Jest Snapshot v1, https://goo.gl/fbAQLP

exports[`macros cursor-text                   : cursor-text                    1`] = `

import tw from '@tailwindcssinjs/macro';
const css = tw\`cursor-text\`;

      ↓ ↓ ↓ ↓ ↓ ↓

const css = {
  cursor: "text",
};


`;

exports[`macros initial load (just import)    : initial load (just import)     1`] = `

import tw from '@tailwindcssinjs/macro';

      ↓ ↓ ↓ ↓ ↓ ↓



`;

exports[`macros md:hover:cursor-text          : md:hover:cursor-text           1`] = `

import tw from '@tailwindcssinjs/macro';
const css = tw\`md:hover:cursor-text\`;

      ↓ ↓ ↓ ↓ ↓ ↓

const css = {
  "@media (min-width: 768px)": {
    "&:hover": {
      cursor: "text",
    },
  },
};


`;

exports[`macros md:hover:text-2xl             : md:hover:text-2xl              1`] = `

import tw from '@tailwindcssinjs/macro';
const css = tw\`md:hover:text-2xl\`;

      ↓ ↓ ↓ ↓ ↓ ↓

const css = {
  "@media (min-width: 768px)": {
    "&:hover": {
      fontSize: "1.5rem",
    },
  },
};


`;

exports[`macros md:hover:text-3xl             : md:hover:text-3xl              1`] = `

import tw from '@tailwindcssinjs/macro';
const css = tw\`md:hover:text-3xl\`;

      ↓ ↓ ↓ ↓ ↓ ↓

const css = {
  "@media (min-width: 768px)": {
    "&:hover": {
      fontSize: "1.875rem",
    },
  },
};


`;

exports[`macros md:hover:text-4xl             : md:hover:text-4xl              1`] = `

import tw from '@tailwindcssinjs/macro';
const css = tw\`md:hover:text-4xl\`;

      ↓ ↓ ↓ ↓ ↓ ↓

const css = {
  "@media (min-width: 768px)": {
    "&:hover": {
      fontSize: "2.25rem",
    },
  },
};


`;

exports[`macros md:hover:text-5xl             : md:hover:text-5xl              1`] = `

import tw from '@tailwindcssinjs/macro';
const css = tw\`md:hover:text-5xl\`;

      ↓ ↓ ↓ ↓ ↓ ↓

const css = {
  "@media (min-width: 768px)": {
    "&:hover": {
      fontSize: "3rem",
    },
  },
};


`;

exports[`macros md:hover:text-6xl             : md:hover:text-6xl              1`] = `

import tw from '@tailwindcssinjs/macro';
const css = tw\`md:hover:text-6xl\`;

      ↓ ↓ ↓ ↓ ↓ ↓

const css = {
  "@media (min-width: 768px)": {
    "&:hover": {
      fontSize: "4rem",
    },
  },
};


`;

exports[`macros md:hover:text-base            : md:hover:text-base             1`] = `

import tw from '@tailwindcssinjs/macro';
const css = tw\`md:hover:text-base\`;

      ↓ ↓ ↓ ↓ ↓ ↓

const css = {
  "@media (min-width: 768px)": {
    "&:hover": {
      fontSize: "1rem",
    },
  },
};


`;

exports[`macros md:hover:text-center          : md:hover:text-center           1`] = `

import tw from '@tailwindcssinjs/macro';
const css = tw\`md:hover:text-center\`;

      ↓ ↓ ↓ ↓ ↓ ↓

const css = {
  "@media (min-width: 768px)": {
    "&:hover": {
      textAlign: "center",
    },
  },
};


`;

exports[`macros md:hover:text-justify         : md:hover:text-justify          1`] = `

import tw from '@tailwindcssinjs/macro';
const css = tw\`md:hover:text-justify\`;

      ↓ ↓ ↓ ↓ ↓ ↓

const css = {
  "@media (min-width: 768px)": {
    "&:hover": {
      textAlign: "justify",
    },
  },
};


`;

exports[`macros md:hover:text-left            : md:hover:text-left             1`] = `

import tw from '@tailwindcssinjs/macro';
const css = tw\`md:hover:text-left\`;

      ↓ ↓ ↓ ↓ ↓ ↓

const css = {
  "@media (min-width: 768px)": {
    "&:hover": {
      textAlign: "left",
    },
  },
};


`;

exports[`macros md:hover:text-lg              : md:hover:text-lg               1`] = `

import tw from '@tailwindcssinjs/macro';
const css = tw\`md:hover:text-lg\`;

      ↓ ↓ ↓ ↓ ↓ ↓

const css = {
  "@media (min-width: 768px)": {
    "&:hover": {
      fontSize: "1.125rem",
    },
  },
};


`;

exports[`macros md:hover:text-right           : md:hover:text-right            1`] = `

import tw from '@tailwindcssinjs/macro';
const css = tw\`md:hover:text-right\`;

      ↓ ↓ ↓ ↓ ↓ ↓

const css = {
  "@media (min-width: 768px)": {
    "&:hover": {
      textAlign: "right",
    },
  },
};


`;

exports[`macros md:hover:text-sm              : md:hover:text-sm               1`] = `

import tw from '@tailwindcssinjs/macro';
const css = tw\`md:hover:text-sm\`;

      ↓ ↓ ↓ ↓ ↓ ↓

const css = {
  "@media (min-width: 768px)": {
    "&:hover": {
      fontSize: "0.875rem",
    },
  },
};


`;

exports[`macros md:hover:text-xl              : md:hover:text-xl               1`] = `

import tw from '@tailwindcssinjs/macro';
const css = tw\`md:hover:text-xl\`;

      ↓ ↓ ↓ ↓ ↓ ↓

const css = {
  "@media (min-width: 768px)": {
    "&:hover": {
      fontSize: "1.25rem",
    },
  },
};


`;

exports[`macros md:hover:text-xs              : md:hover:text-xs               1`] = `

import tw from '@tailwindcssinjs/macro';
const css = tw\`md:hover:text-xs\`;

      ↓ ↓ ↓ ↓ ↓ ↓

const css = {
  "@media (min-width: 768px)": {
    "&:hover": {
      fontSize: "0.75rem",
    },
  },
};


`;

exports[`macros test 10 classes               : test 10 classes                1`] = `

import tw from '@tailwindcssinjs/macro';
const css = tw\`cursor-text md:hover:cursor-text text-xs md:hover:text-xs text-sm md:hover:text-sm text-base md:hover:text-base text-lg md:hover:text-lg\`;

      ↓ ↓ ↓ ↓ ↓ ↓

const css = {
  cursor: "text",
  fontSize: "1.125rem",
  "@media (min-width: 768px)": {
    "&:hover": {
      cursor: "text",
      fontSize: "1.125rem",
    },
  },
};


`;

exports[`macros test 20 classes               : test 20 classes                1`] = `

import tw from '@tailwindcssinjs/macro';
const css = tw\`cursor-text md:hover:cursor-text text-xs md:hover:text-xs text-sm md:hover:text-sm text-base md:hover:text-base text-lg md:hover:text-lg text-xl md:hover:text-xl text-2xl md:hover:text-2xl text-3xl md:hover:text-3xl text-4xl md:hover:text-4xl text-5xl md:hover:text-5xl\`;

      ↓ ↓ ↓ ↓ ↓ ↓

const css = {
  cursor: "text",
  fontSize: "3rem",
  "@media (min-width: 768px)": {
    "&:hover": {
      cursor: "text",
      fontSize: "3rem",
    },
  },
};


`;

exports[`macros test 40 classes               : test 40 classes                1`] = `

import tw from '@tailwindcssinjs/macro';
const css = tw\`cursor-text md:hover:cursor-text text-xs md:hover:text-xs text-sm md:hover:text-sm text-base md:hover:text-base text-lg md:hover:text-lg text-xl md:hover:text-xl text-2xl md:hover:text-2xl text-3xl md:hover:text-3xl text-4xl md:hover:text-4xl text-5xl md:hover:text-5xl text-6xl md:hover:text-6xl text-left md:hover:text-left text-center md:hover:text-center text-right md:hover:text-right text-justify md:hover:text-justify text-transparent md:hover:text-transparent text-current md:hover:text-current text-black md:hover:text-black text-white md:hover:text-white text-gray-100 md:hover:text-gray-100\`;

      ↓ ↓ ↓ ↓ ↓ ↓

const css = {
  "--text-opacity": "1",
  cursor: "text",
  fontSize: "4rem",
  textAlign: "justify",
  color: ["#f7fafc", "rgba(247, 250, 252, var(--text-opacity))"],
  "@media (min-width: 768px)": {
    "&:hover": {
      cursor: "text",
      fontSize: "4rem",
      textAlign: "justify",
      color: ["#f7fafc", "rgba(247, 250, 252, var(--text-opacity))"],
      "--text-opacity": "1",
    },
  },
};


`;

exports[`macros test 80 classes               : test 80 classes                1`] = `

import tw from '@tailwindcssinjs/macro';
const css = tw\`cursor-text md:hover:cursor-text text-xs md:hover:text-xs text-sm md:hover:text-sm text-base md:hover:text-base text-lg md:hover:text-lg text-xl md:hover:text-xl text-2xl md:hover:text-2xl text-3xl md:hover:text-3xl text-4xl md:hover:text-4xl text-5xl md:hover:text-5xl text-6xl md:hover:text-6xl text-left md:hover:text-left text-center md:hover:text-center text-right md:hover:text-right text-justify md:hover:text-justify text-transparent md:hover:text-transparent text-current md:hover:text-current text-black md:hover:text-black text-white md:hover:text-white text-gray-100 md:hover:text-gray-100 text-gray-200 md:hover:text-gray-200 text-gray-300 md:hover:text-gray-300 text-gray-400 md:hover:text-gray-400 text-gray-500 md:hover:text-gray-500 text-gray-600 md:hover:text-gray-600 text-gray-700 md:hover:text-gray-700 text-gray-800 md:hover:text-gray-800 text-gray-900 md:hover:text-gray-900 text-red-100 md:hover:text-red-100 text-red-200 md:hover:text-red-200 text-red-300 md:hover:text-red-300 text-red-400 md:hover:text-red-400 text-red-500 md:hover:text-red-500 text-red-600 md:hover:text-red-600 text-red-700 md:hover:text-red-700 text-red-800 md:hover:text-red-800 text-red-900 md:hover:text-red-900 text-orange-100 md:hover:text-orange-100 text-orange-200 md:hover:text-orange-200 text-orange-300 md:hover:text-orange-300\`;

      ↓ ↓ ↓ ↓ ↓ ↓

const css = {
  "--text-opacity": "1",
  cursor: "text",
  fontSize: "4rem",
  textAlign: "justify",
  color: ["#fbd38d", "rgba(251, 211, 141, var(--text-opacity))"],
  "@media (min-width: 768px)": {
    "&:hover": {
      cursor: "text",
      fontSize: "4rem",
      textAlign: "justify",
      color: ["#fbd38d", "rgba(251, 211, 141, var(--text-opacity))"],
      "--text-opacity": "1",
    },
  },
};


`;

exports[`macros test 160 classes              : test 160 classes               1`] = `

import tw from '@tailwindcssinjs/macro';
const css = tw\`cursor-text md:hover:cursor-text text-xs md:hover:text-xs text-sm md:hover:text-sm text-base md:hover:text-base text-lg md:hover:text-lg text-xl md:hover:text-xl text-2xl md:hover:text-2xl text-3xl md:hover:text-3xl text-4xl md:hover:text-4xl text-5xl md:hover:text-5xl text-6xl md:hover:text-6xl text-left md:hover:text-left text-center md:hover:text-center text-right md:hover:text-right text-justify md:hover:text-justify text-transparent md:hover:text-transparent text-current md:hover:text-current text-black md:hover:text-black text-white md:hover:text-white text-gray-100 md:hover:text-gray-100 text-gray-200 md:hover:text-gray-200 text-gray-300 md:hover:text-gray-300 text-gray-400 md:hover:text-gray-400 text-gray-500 md:hover:text-gray-500 text-gray-600 md:hover:text-gray-600 text-gray-700 md:hover:text-gray-700 text-gray-800 md:hover:text-gray-800 text-gray-900 md:hover:text-gray-900 text-red-100 md:hover:text-red-100 text-red-200 md:hover:text-red-200 text-red-300 md:hover:text-red-300 text-red-400 md:hover:text-red-400 text-red-500 md:hover:text-red-500 text-red-600 md:hover:text-red-600 text-red-700 md:hover:text-red-700 text-red-800 md:hover:text-red-800 text-red-900 md:hover:text-red-900 text-orange-100 md:hover:text-orange-100 text-orange-200 md:hover:text-orange-200 text-orange-300 md:hover:text-orange-300 text-orange-400 md:hover:text-orange-400 text-orange-500 md:hover:text-orange-500 text-orange-600 md:hover:text-orange-600 text-orange-700 md:hover:text-orange-700 text-orange-800 md:hover:text-orange-800 text-orange-900 md:hover:text-orange-900 text-yellow-100 md:hover:text-yellow-100 text-yellow-200 md:hover:text-yellow-200 text-yellow-300 md:hover:text-yellow-300 text-yellow-400 md:hover:text-yellow-400 text-yellow-500 md:hover:text-yellow-500 text-yellow-600 md:hover:text-yellow-600 text-yellow-700 md:hover:text-yellow-700 text-yellow-800 md:hover:text-yellow-800 text-yellow-900 md:hover:text-yellow-900 text-green-100 md:hover:text-green-100 text-green-200 md:hover:text-green-200 text-green-300 md:hover:text-green-300 text-green-400 md:hover:text-green-400 text-green-500 md:hover:text-green-500 text-green-600 md:hover:text-green-600 text-green-700 md:hover:text-green-700 text-green-800 md:hover:text-green-800 text-green-900 md:hover:text-green-900 text-teal-100 md:hover:text-teal-100 text-teal-200 md:hover:text-teal-200 text-teal-300 md:hover:text-teal-300 text-teal-400 md:hover:text-teal-400 text-teal-500 md:hover:text-teal-500 text-teal-600 md:hover:text-teal-600 text-teal-700 md:hover:text-teal-700 text-teal-800 md:hover:text-teal-800 text-teal-900 md:hover:text-teal-900 text-blue-100 md:hover:text-blue-100 text-blue-200 md:hover:text-blue-200 text-blue-300 md:hover:text-blue-300 text-blue-400 md:hover:text-blue-400 text-blue-500 md:hover:text-blue-500 text-blue-600 md:hover:text-blue-600 text-blue-700 md:hover:text-blue-700\`;

      ↓ ↓ ↓ ↓ ↓ ↓

const css = {
  "--text-opacity": "1",
  cursor: "text",
  fontSize: "4rem",
  textAlign: "justify",
  color: ["#2b6cb0", "rgba(43, 108, 176, var(--text-opacity))"],
  "@media (min-width: 768px)": {
    "&:hover": {
      cursor: "text",
      fontSize: "4rem",
      textAlign: "justify",
      color: ["#2b6cb0", "rgba(43, 108, 176, var(--text-opacity))"],
      "--text-opacity": "1",
    },
  },
};


`;

exports[`macros test 220 classes              : test 220 classes               1`] = `

import tw from '@tailwindcssinjs/macro';
const css = tw\`cursor-text md:hover:cursor-text text-xs md:hover:text-xs text-sm md:hover:text-sm text-base md:hover:text-base text-lg md:hover:text-lg text-xl md:hover:text-xl text-2xl md:hover:text-2xl text-3xl md:hover:text-3xl text-4xl md:hover:text-4xl text-5xl md:hover:text-5xl text-6xl md:hover:text-6xl text-left md:hover:text-left text-center md:hover:text-center text-right md:hover:text-right text-justify md:hover:text-justify text-transparent md:hover:text-transparent text-current md:hover:text-current text-black md:hover:text-black text-white md:hover:text-white text-gray-100 md:hover:text-gray-100 text-gray-200 md:hover:text-gray-200 text-gray-300 md:hover:text-gray-300 text-gray-400 md:hover:text-gray-400 text-gray-500 md:hover:text-gray-500 text-gray-600 md:hover:text-gray-600 text-gray-700 md:hover:text-gray-700 text-gray-800 md:hover:text-gray-800 text-gray-900 md:hover:text-gray-900 text-red-100 md:hover:text-red-100 text-red-200 md:hover:text-red-200 text-red-300 md:hover:text-red-300 text-red-400 md:hover:text-red-400 text-red-500 md:hover:text-red-500 text-red-600 md:hover:text-red-600 text-red-700 md:hover:text-red-700 text-red-800 md:hover:text-red-800 text-red-900 md:hover:text-red-900 text-orange-100 md:hover:text-orange-100 text-orange-200 md:hover:text-orange-200 text-orange-300 md:hover:text-orange-300 text-orange-400 md:hover:text-orange-400 text-orange-500 md:hover:text-orange-500 text-orange-600 md:hover:text-orange-600 text-orange-700 md:hover:text-orange-700 text-orange-800 md:hover:text-orange-800 text-orange-900 md:hover:text-orange-900 text-yellow-100 md:hover:text-yellow-100 text-yellow-200 md:hover:text-yellow-200 text-yellow-300 md:hover:text-yellow-300 text-yellow-400 md:hover:text-yellow-400 text-yellow-500 md:hover:text-yellow-500 text-yellow-600 md:hover:text-yellow-600 text-yellow-700 md:hover:text-yellow-700 text-yellow-800 md:hover:text-yellow-800 text-yellow-900 md:hover:text-yellow-900 text-green-100 md:hover:text-green-100 text-green-200 md:hover:text-green-200 text-green-300 md:hover:text-green-300 text-green-400 md:hover:text-green-400 text-green-500 md:hover:text-green-500 text-green-600 md:hover:text-green-600 text-green-700 md:hover:text-green-700 text-green-800 md:hover:text-green-800 text-green-900 md:hover:text-green-900 text-teal-100 md:hover:text-teal-100 text-teal-200 md:hover:text-teal-200 text-teal-300 md:hover:text-teal-300 text-teal-400 md:hover:text-teal-400 text-teal-500 md:hover:text-teal-500 text-teal-600 md:hover:text-teal-600 text-teal-700 md:hover:text-teal-700 text-teal-800 md:hover:text-teal-800 text-teal-900 md:hover:text-teal-900 text-blue-100 md:hover:text-blue-100 text-blue-200 md:hover:text-blue-200 text-blue-300 md:hover:text-blue-300 text-blue-400 md:hover:text-blue-400 text-blue-500 md:hover:text-blue-500 text-blue-600 md:hover:text-blue-600 text-blue-700 md:hover:text-blue-700 text-blue-800 md:hover:text-blue-800 text-blue-900 md:hover:text-blue-900 text-indigo-100 md:hover:text-indigo-100 text-indigo-200 md:hover:text-indigo-200 text-indigo-300 md:hover:text-indigo-300 text-indigo-400 md:hover:text-indigo-400 text-indigo-500 md:hover:text-indigo-500 text-indigo-600 md:hover:text-indigo-600 text-indigo-700 md:hover:text-indigo-700 text-indigo-800 md:hover:text-indigo-800 text-indigo-900 md:hover:text-indigo-900 text-purple-100 md:hover:text-purple-100 text-purple-200 md:hover:text-purple-200 text-purple-300 md:hover:text-purple-300 text-purple-400 md:hover:text-purple-400 text-purple-500 md:hover:text-purple-500 text-purple-600 md:hover:text-purple-600 text-purple-700 md:hover:text-purple-700 text-purple-800 md:hover:text-purple-800 text-purple-900 md:hover:text-purple-900 text-pink-100 md:hover:text-pink-100 text-pink-200 md:hover:text-pink-200 text-pink-300 md:hover:text-pink-300 text-pink-400 md:hover:text-pink-400 text-pink-500 md:hover:text-pink-500 text-pink-600 md:hover:text-pink-600 text-pink-700 md:hover:text-pink-700 text-pink-800 md:hover:text-pink-800 text-pink-900 md:hover:text-pink-900 select-text md:hover:select-text\`;

      ↓ ↓ ↓ ↓ ↓ ↓

const css = {
  "--text-opacity": "1",
  cursor: "text",
  fontSize: "4rem",
  textAlign: "justify",
  userSelect: "text",
  color: ["#702459", "rgba(112, 36, 89, var(--text-opacity))"],
  "@media (min-width: 768px)": {
    "&:hover": {
      cursor: "text",
      fontSize: "4rem",
      textAlign: "justify",
      color: ["#702459", "rgba(112, 36, 89, var(--text-opacity))"],
      "--text-opacity": "1",
      userSelect: "text",
    },
  },
};


`;

exports[`macros text-2xl                      : text-2xl                       1`] = `

import tw from '@tailwindcssinjs/macro';
const css = tw\`text-2xl\`;

      ↓ ↓ ↓ ↓ ↓ ↓

const css = {
  fontSize: "1.5rem",
};


`;

exports[`macros text-3xl                      : text-3xl                       1`] = `

import tw from '@tailwindcssinjs/macro';
const css = tw\`text-3xl\`;

      ↓ ↓ ↓ ↓ ↓ ↓

const css = {
  fontSize: "1.875rem",
};


`;

exports[`macros text-4xl                      : text-4xl                       1`] = `

import tw from '@tailwindcssinjs/macro';
const css = tw\`text-4xl\`;

      ↓ ↓ ↓ ↓ ↓ ↓

const css = {
  fontSize: "2.25rem",
};


`;

exports[`macros text-5xl                      : text-5xl                       1`] = `

import tw from '@tailwindcssinjs/macro';
const css = tw\`text-5xl\`;

      ↓ ↓ ↓ ↓ ↓ ↓

const css = {
  fontSize: "3rem",
};


`;

exports[`macros text-6xl                      : text-6xl                       1`] = `

import tw from '@tailwindcssinjs/macro';
const css = tw\`text-6xl\`;

      ↓ ↓ ↓ ↓ ↓ ↓

const css = {
  fontSize: "4rem",
};


`;

exports[`macros text-base                     : text-base                      1`] = `

import tw from '@tailwindcssinjs/macro';
const css = tw\`text-base\`;

      ↓ ↓ ↓ ↓ ↓ ↓

const css = {
  fontSize: "1rem",
};


`;

exports[`macros text-center                   : text-center                    1`] = `

import tw from '@tailwindcssinjs/macro';
const css = tw\`text-center\`;

      ↓ ↓ ↓ ↓ ↓ ↓

const css = {
  textAlign: "center",
};


`;

exports[`macros text-justify                  : text-justify                   1`] = `

import tw from '@tailwindcssinjs/macro';
const css = tw\`text-justify\`;

      ↓ ↓ ↓ ↓ ↓ ↓

const css = {
  textAlign: "justify",
};


`;

exports[`macros text-left                     : text-left                      1`] = `

import tw from '@tailwindcssinjs/macro';
const css = tw\`text-left\`;

      ↓ ↓ ↓ ↓ ↓ ↓

const css = {
  textAlign: "left",
};


`;

exports[`macros text-lg                       : text-lg                        1`] = `

import tw from '@tailwindcssinjs/macro';
const css = tw\`text-lg\`;

      ↓ ↓ ↓ ↓ ↓ ↓

const css = {
  fontSize: "1.125rem",
};


`;

exports[`macros text-right                    : text-right                     1`] = `

import tw from '@tailwindcssinjs/macro';
const css = tw\`text-right\`;

      ↓ ↓ ↓ ↓ ↓ ↓

const css = {
  textAlign: "right",
};


`;

exports[`macros text-sm                       : text-sm                        1`] = `

import tw from '@tailwindcssinjs/macro';
const css = tw\`text-sm\`;

      ↓ ↓ ↓ ↓ ↓ ↓

const css = {
  fontSize: "0.875rem",
};


`;

exports[`macros text-xl                       : text-xl                        1`] = `

import tw from '@tailwindcssinjs/macro';
const css = tw\`text-xl\`;

      ↓ ↓ ↓ ↓ ↓ ↓

const css = {
  fontSize: "1.25rem",
};


`;

exports[`macros text-xs                       : text-xs                        1`] = `

import tw from '@tailwindcssinjs/macro';
const css = tw\`text-xs\`;

      ↓ ↓ ↓ ↓ ↓ ↓

const css = {
  fontSize: "0.75rem",
};


`;
